[www.agolworld.com/index.html]
[www.agolworld.com/assets/img/favicon.png]
[backblue.gif]
[fade.gif]
[index.html]
[www.agolworld.com/track-order.html]
[www.agolworld.com/assets/img/logo.png]
[www.agolworld.com/about_us.html]
[www.agolworld.com/importer-of-record-services.html]
[www.agolworld.com/on-board-courier-services.html]
[www.agolworld.com/dedicated-ground-services.html]
[www.agolworld.com/next-flight-out-services.html]
[www.agolworld.com/air-charters-services.html]
[www.agolworld.com/industries.html]
[www.agolworld.com/contact_us.html]
[www.agolworld.com/feedback_form.html]
[www.agolworld.com/cc_form.html]
[www.agolworld.com/obc_form.html]
[www.agolworld.com/assets/img/about-img-3.png]
[www.agolworld.com/importer-on-record-services.1c.delayed]
[www.agolworld.com/assets/img/services/services-4.jpg]
[www.agolworld.com/assets/img/services/services-7.jpg]
[www.agolworld.com/assets/img/services/services-1.jpg]
[www.agolworld.com/assets/img/services/services-3.jpg]
[www.agolworld.com/assets/img/services/services-9.jpg]
[www.agolworld.com/assets/img/industries/healthcare.jpg]
[www.agolworld.com/assets/img/industries/aog.jpg]
[www.agolworld.com/assets/img/industries/hitech.jpg]
[www.agolworld.com/assets/img/industries/media.jpg]
[www.agolworld.com/assets/img/industries/ship.jpg]
[www.agolworld.com/assets/img/industries/fashion.jpg]
[www.agolworld.com/assets/img/industries/freight.jpg]
[www.agolworld.com/assets/img/industries/auto.jpg]
[www.agolworld.com/assets/img/industries/aviations.jpg]
[www.agolworld.com/assets/img/industries/marine.jpg]
[www.agolworld.com/assets/img/industries/mining.jpg]
[www.agolworld.com/assets/img/industries/oil.jpg]
[www.agolworld.com/assets/img/industries/telecom.jpg]
[www.agolworld.com/privacy-policy.html]
[www.agolworld.com/assets/img/whatsapp.png]
[conversations-widget.brevo.com/sib-conversations.js]
[www.agolworld.com/assets/js/jquery.min.js]
[www.agolworld.com/assets/js/bootstrap.bundle.min.js]
[www.agolworld.com/assets/js/meanmenu.min.js]
[www.agolworld.com/assets/js/wow.min.js]
[www.agolworld.com/assets/js/owl.carousel.min.js]
[www.agolworld.com/assets/js/nice-select.min.js]
[www.agolworld.com/assets/js/magnific-popup.min.js]
[www.agolworld.com/assets/js/jarallax.min.js]
[www.agolworld.com/assets/js/appear.min.js]
[www.agolworld.com/assets/js/odometer.min.js]
[www.agolworld.com/assets/js/smoothscroll.min.js]
[www.agolworld.com/assets/js/form-validator.min.js]
[www.agolworld.com/assets/js/contact-form-script.js]
[www.agolworld.com/assets/js/ajaxchimp.min.js]
[www.agolworld.com/assets/js/custom.js]
[www.agolworld.com/index.html]
[www.googletagmanager.com/gtm5445.html]
[www.agolworld.com/assets/css/bootstrap.min.css]
[www.agolworld.com/assets/css/owl.theme.default.min.css]
[www.agolworld.com/assets/css/owl.video.play.html]
[www.agolworld.com/assets/css/owl.carousel.min.css]
[www.agolworld.com/assets/css/animate.min.css]
[www.agolworld.com/assets/fonts/boxicons.eot]
[www.agolworld.com/assets/fonts/boxicons.woff2]
[www.agolworld.com/assets/fonts/boxicons.woff]
[www.agolworld.com/assets/fonts/boxicons.ttf]
[www.agolworld.com/assets/fonts/boxiconsd41dd41d.html]
[www.agolworld.com/assets/css/boxicons.min.css]
[www.agolworld.com/assets/css/magnific-popup.min.css]
[www.agolworld.com/assets/fonts/Flaticon.eot]
[www.agolworld.com/assets/fonts/Flaticond41dd41d.eot]
[www.agolworld.com/assets/fonts/Flaticon.woff2]
[www.agolworld.com/assets/fonts/Flaticon.woff]
[www.agolworld.com/assets/fonts/Flaticon.ttf]
[www.agolworld.com/assets/fonts/Flaticon.html]
[www.agolworld.com/assets/css/flaticon.css]
[www.agolworld.com/assets/css/meanmenu.min.css]
[www.agolworld.com/assets/css/nice-select.min.css]
[www.agolworld.com/assets/css/odometer.min.css]
[www.agolworld.com/assets/img/banner/banner-bg-1.jpg]
[www.agolworld.com/assets/img/banner/banner-bg-3.jpg]
[www.agolworld.com/assets/img/shipment-bg.jpg]
[www.agolworld.com/assets/img/track-bg.jpg]
[www.agolworld.com/assets/img/page-bg/page-bg-1.jpg]
[www.agolworld.com/assets/img/page-bg/page-bg-2.jpg]
[www.agolworld.com/assets/img/page-bg/page-bg-3.jpg]
[www.agolworld.com/assets/img/page-bg/page-bg-4.jpg]
[www.agolworld.com/assets/img/page-bg/page-bg-5.jpg]
[www.agolworld.com/assets/img/page-bg/page-bg-6.jpg]
[www.agolworld.com/assets/img/page-bg/page-bg-7.jpg]
[www.agolworld.com/assets/img/page-bg/page-bg-8.jpg]
[www.agolworld.com/assets/img/page-bg/page-bg-9.jpg]
[www.agolworld.com/assets/img/page-bg/page-bg-10.jpg]
[www.agolworld.com/assets/img/faq-img.jpg]
[www.agolworld.com/assets/css/style.css]
[www.agolworld.com/assets/img/about-img.jpg]
[www.agolworld.com/assets/img/about-img-2.png]
[www.agolworld.com/assets/img/choose-us-img.jpg]
[www.agolworld.com/assets/img/choose-us-img-3.jpg]
[www.agolworld.com/assets/css/responsive.css]
[www.agolworld.com/index-2.html]
[www.agolworld.com/track-order.html]
[www.agolworld.com/assets/img/industries/global.jpg]
[www.agolworld.com/assets/img/industries/in.jpg]
[www.agolworld.com/assets/img/industries/td.jpg]
[www.agolworld.com/assets/img/industries/ag.jpg]
[www.agolworld.com/about_us.html]
[www.agolworld.com/assets/img/services/ior.png]
[www.agolworld.com/importer-of-record-services.html]
[www.agolworld.com/assets/img/services/obc.png]
[www.agolworld.com/on-board-courier-services.html]
[www.agolworld.com/assets/img/services/dd.png]
[www.agolworld.com/dedicated-ground-services.html]
[www.agolworld.com/assets/img/services/nfo.png]
[www.agolworld.com/next-flight-out-services.html]
[www.agolworld.com/assets/img/services/ac.png]
[www.agolworld.com/air-charters-services.html]
[www.agolworld.com/industries.html]
[www.agolworld.com/assets/img/india.png]
[www.agolworld.com/assets/img/uk.png]
[www.agolworld.com/assets/img/usa.png]
[www.agolworld.com/contact_us.html]
[www.agolworld.com/feedback_form.html]
[www.agolworld.com/cc_form.html]
[www.agolworld.com/obc_form.html]
[www.agolworld.com/importer-on-record-services.html]
[www.agolworld.com/privacy-policy.html]
[www.agolworld.com/assets/css/owl.video.play.html]
[www.agolworld.com/assets/fonts/boxiconsd41dd41d.html]
[www.agolworld.com/assets/fonts/Flaticon.html]
[www.agolworld.com/index-2.html]
